1752467724.091435 [0]       ros2: config: Domain/General/MulticastRecvNetworkInterfaceAddresses/#text: preferred {}
1752467724.091449 [0]       ros2: config: Domain/General/Interfaces/NetworkInterface[@autodetermine]: false {}
1752467724.091452 [0]       ros2: config: Domain/General/Interfaces/NetworkInterface[@name]: docker0 {1}
1752467724.091455 [0]       ros2: config: Domain/General/Interfaces/NetworkInterface[@address]:  {}
1752467724.091457 [0]       ros2: config: Domain/General/Interfaces/NetworkInterface[@priority]: default {1}
1752467724.091459 [0]       ros2: config: Domain/General/Interfaces/NetworkInterface[@prefer_multicast]: false {}
1752467724.091461 [0]       ros2: config: Domain/General/Interfaces/NetworkInterface[@presence_required]: true {}
1752467724.091465 [0]       ros2: config: Domain/General/Interfaces/NetworkInterface[@multicast]: default {1}
1752467724.091469 [0]       ros2: config: Domain/General/ExternalNetworkAddress/#text: auto {}
1752467724.091473 [0]       ros2: config: Domain/General/ExternalNetworkMask/#text: 0.0.0.0 {}
1752467724.091475 [0]       ros2: config: Domain/General/AllowMulticast/#text: default {1}
1752467724.091479 [0]       ros2: config: Domain/General/MulticastTimeToLive/#text: 32 {}
1752467724.091482 [0]       ros2: config: Domain/General/DontRoute/#text: false {}
1752467724.091485 [0]       ros2: config: Domain/General/Transport/#text: udp {}
1752467724.091488 [0]       ros2: config: Domain/General/EnableMulticastLoopback/#text: true {}
1752467724.091491 [0]       ros2: config: Domain/General/MaxMessageSize/#text: 65500 B {1}
1752467724.091494 [0]       ros2: config: Domain/General/MaxRexmitMessageSize/#text: 1456 B {}
1752467724.091497 [0]       ros2: config: Domain/General/FragmentSize/#text: 1344 B {}
1752467724.091500 [0]       ros2: config: Domain/General/RedundantNetworking/#text: false {}
1752467724.091503 [0]       ros2: config: Domain/General/EntityAutoNaming/#text: empty {}
1752467724.091508 [0]       ros2: config: Domain/General/EntityAutoNaming[@seed]: 3424768158 3589890842 2449729513 3839638112 835692017 1201598527 2438647752 1783398409 {}
1752467724.091512 [0]       ros2: config: Domain/Sizing/ReceiveBufferSize/#text: 1 MiB {}
1752467724.091514 [0]       ros2: config: Domain/Sizing/ReceiveBufferChunkSize/#text: 128 KiB {}
1752467724.091516 [0]       ros2: config: Domain/Compatibility/StandardsConformance/#text: lax {}
1752467724.091518 [0]       ros2: config: Domain/Compatibility/ExplicitlyPublishQosSetToDefault/#text: false {}
1752467724.091520 [0]       ros2: config: Domain/Compatibility/ManySocketsMode/#text: single {}
1752467724.091522 [0]       ros2: config: Domain/Compatibility/AssumeRtiHasPmdEndpoints/#text: false {}
1752467724.091525 [0]       ros2: config: Domain/Discovery/Tag/#text:  {}
1752467724.091527 [0]       ros2: config: Domain/Discovery/ExternalDomainId/#text: 0 {}
1752467724.091529 [0]       ros2: config: Domain/Discovery/DSGracePeriod/#text: 30 s {}
1752467724.091531 [0]       ros2: config: Domain/Discovery/ParticipantIndex/#text: none {}
1752467724.091533 [0]       ros2: config: Domain/Discovery/MaxAutoParticipantIndex/#text: 9 {}
1752467724.091535 [0]       ros2: config: Domain/Discovery/SPDPMulticastAddress/#text: 239.255.0.1 {}
1752467724.091537 [0]       ros2: config: Domain/Discovery/SPDPInterval/#text: 30 s {}
1752467724.091539 [0]       ros2: config: Domain/Discovery/DefaultMulticastAddress/#text: auto {}
1752467724.091542 [0]       ros2: config: Domain/Discovery/Ports/Base/#text: 7400 {}
1752467724.091544 [0]       ros2: config: Domain/Discovery/Ports/DomainGain/#text: 250 {}
1752467724.091546 [0]       ros2: config: Domain/Discovery/Ports/ParticipantGain/#text: 2 {}
1752467724.091548 [0]       ros2: config: Domain/Discovery/Ports/MulticastMetaOffset/#text: 0 {}
1752467724.091550 [0]       ros2: config: Domain/Discovery/Ports/UnicastMetaOffset/#text: 10 {}
1752467724.091553 [0]       ros2: config: Domain/Discovery/Ports/MulticastDataOffset/#text: 1 {}
1752467724.091555 [0]       ros2: config: Domain/Discovery/Ports/UnicastDataOffset/#text: 11 {}
1752467724.091561 [0]       ros2: config: Domain/Discovery/EnableTopicDiscoveryEndpoints/#text: false {}
1752467724.091563 [0]       ros2: config: Domain/Discovery/LeaseDuration/#text: 10 s {}
1752467724.091570 [0]       ros2: config: Domain/Tracing/Category/#text: fatal,error,warning,info,config {1}
1752467724.091574 [0]       ros2: config: Domain/Tracing/OutputFile/#text: cyclonedds.log {}
1752467724.091576 [0]       ros2: config: Domain/Tracing/AppendToFile/#text: false {}
1752467724.091578 [0]       ros2: config: Domain/Tracing/PacketCaptureFile/#text:  {}
1752467724.091580 [0]       ros2: config: Domain/Internal/DeliveryQueueMaxSamples/#text: 256 {}
1752467724.091582 [0]       ros2: config: Domain/Internal/PrimaryReorderMaxSamples/#text: 128 {}
1752467724.091585 [0]       ros2: config: Domain/Internal/SecondaryReorderMaxSamples/#text: 128 {}
1752467724.091588 [0]       ros2: config: Domain/Internal/DefragUnreliableMaxSamples/#text: 4 {}
1752467724.091591 [0]       ros2: config: Domain/Internal/DefragReliableMaxSamples/#text: 16 {}
1752467724.091593 [0]       ros2: config: Domain/Internal/BuiltinEndpointSet/#text: writers {}
1752467724.091596 [0]       ros2: config: Domain/Internal/MeasureHbToAckLatency/#text: false {}
1752467724.091598 [0]       ros2: config: Domain/Internal/UnicastResponseToSPDPMessages/#text: true {}
1752467724.091600 [0]       ros2: config: Domain/Internal/SynchronousDeliveryPriorityThreshold/#text: 0 {}
1752467724.091602 [0]       ros2: config: Domain/Internal/SynchronousDeliveryLatencyBound/#text: inf {}
1752467724.091604 [0]       ros2: config: Domain/Internal/MaxParticipants/#text: 0 {}
1752467724.091606 [0]       ros2: config: Domain/Internal/AccelerateRexmitBlockSize/#text: 0 {}
1752467724.091608 [0]       ros2: config: Domain/Internal/RetransmitMerging/#text: never {}
1752467724.091610 [0]       ros2: config: Domain/Internal/RetransmitMergingPeriod/#text: 5 ms {}
1752467724.091615 [0]       ros2: config: Domain/Internal/HeartbeatInterval/#text: 100 ms {}
1752467724.091617 [0]       ros2: config: Domain/Internal/HeartbeatInterval[@min]: 5 ms {}
1752467724.091619 [0]       ros2: config: Domain/Internal/HeartbeatInterval[@minsched]: 20 ms {}
1752467724.091621 [0]       ros2: config: Domain/Internal/HeartbeatInterval[@max]: 8 s {}
1752467724.091623 [0]       ros2: config: Domain/Internal/MaxQueuedRexmitBytes/#text: 512 KiB {}
1752467724.091625 [0]       ros2: config: Domain/Internal/MaxQueuedRexmitMessages/#text: 200 {}
1752467724.091627 [0]       ros2: config: Domain/Internal/WriterLingerDuration/#text: 1 s {}
1752467724.091630 [0]       ros2: config: Domain/Internal/SocketReceiveBufferSize[@min]: 16 MiB {1}
1752467724.091632 [0]       ros2: config: Domain/Internal/SocketReceiveBufferSize[@max]: default {}
1752467724.091634 [0]       ros2: config: Domain/Internal/SocketSendBufferSize[@min]: 64 KiB {}
1752467724.091636 [0]       ros2: config: Domain/Internal/SocketSendBufferSize[@max]: default {}
1752467724.091638 [0]       ros2: config: Domain/Internal/NackDelay/#text: 100 ms {}
1752467724.091640 [0]       ros2: config: Domain/Internal/AckDelay/#text: 10 ms {}
1752467724.091642 [0]       ros2: config: Domain/Internal/AutoReschedNackDelay/#text: 3 s {}
1752467724.091644 [0]       ros2: config: Domain/Internal/PreEmptiveAckDelay/#text: 10 ms {}
1752467724.091646 [0]       ros2: config: Domain/Internal/ScheduleTimeRounding/#text: 0 s {}
1752467724.091648 [0]       ros2: config: Domain/Internal/DDSI2DirectMaxThreads/#text: 1 {}
1752467724.091650 [0]       ros2: config: Domain/Internal/SquashParticipants/#text: false {}
1752467724.091652 [0]       ros2: config: Domain/Internal/SPDPResponseMaxDelay/#text: 0 s {}
1752467724.091654 [0]       ros2: config: Domain/Internal/LateAckMode/#text: false {}
1752467724.091656 [0]       ros2: config: Domain/Internal/RetryOnRejectBestEffort/#text: false {}
1752467724.091658 [0]       ros2: config: Domain/Internal/GenerateKeyhash/#text: false {}
1752467724.091660 [0]       ros2: config: Domain/Internal/MaxSampleSize/#text: 2147483647 B {}
1752467724.091663 [0]       ros2: config: Domain/Internal/LivelinessMonitoring/#text: false {}
1752467724.091666 [0]       ros2: config: Domain/Internal/LivelinessMonitoring[@StackTraces]: true {}
1752467724.091669 [0]       ros2: config: Domain/Internal/LivelinessMonitoring[@Interval]: 1 s {}
1752467724.091671 [0]       ros2: config: Domain/Internal/MonitorPort/#text: -1 {}
1752467724.091673 [0]       ros2: config: Domain/Internal/PrioritizeRetransmit/#text: true {}
1752467724.091675 [0]       ros2: config: Domain/Internal/UseMulticastIfMreqn/#text: 0 {}
1752467724.091677 [0]       ros2: config: Domain/Internal/RediscoveryBlacklistDuration/#text: 0 s {}
1752467724.091679 [0]       ros2: config: Domain/Internal/RediscoveryBlacklistDuration[@enforce]: false {}
1752467724.091681 [0]       ros2: config: Domain/Internal/MultipleReceiveThreads/#text: default {}
1752467724.091683 [0]       ros2: config: Domain/Internal/MultipleReceiveThreads[@maxretries]: 4294967295 {}
1752467724.091686 [0]       ros2: config: Domain/Internal/Test/XmitLossiness/#text: 0 {}
1752467724.091688 [0]       ros2: config: Domain/Internal/Watermarks/WhcLow/#text: 1 KiB {}
1752467724.091690 [0]       ros2: config: Domain/Internal/Watermarks/WhcHigh/#text: 500 KiB {1}
1752467724.091693 [0]       ros2: config: Domain/Internal/Watermarks/WhcHighInit/#text: 30 KiB {}
1752467724.091695 [0]       ros2: config: Domain/Internal/Watermarks/WhcAdaptive/#text: true {}
1752467724.091697 [0]       ros2: config: Domain/Internal/BurstSize/MaxRexmit/#text: 1 MiB {}
1752467724.091699 [0]       ros2: config: Domain/Internal/BurstSize/MaxInitTransmit/#text: 4294967295 {}
1752467724.091702 [0]       ros2: config: Domain/Internal/EnableExpensiveChecks/#text:  {}
1752467724.091704 [0]       ros2: config: Domain/TCP/NoDelay/#text: true {}
1752467724.091706 [0]       ros2: config: Domain/TCP/Port/#text: -1 {}
1752467724.091708 [0]       ros2: config: Domain/TCP/ReadTimeout/#text: 2 s {}
1752467724.091710 [0]       ros2: config: Domain/TCP/WriteTimeout/#text: 2 s {}
1752467724.091712 [0]       ros2: config: Domain/TCP/AlwaysUsePeeraddrForUnicast/#text: false {}
1752467724.091714 [0]       ros2: config: Domain/SSL/Enable/#text: false {}
1752467724.091716 [0]       ros2: config: Domain/SSL/CertificateVerification/#text: true {}
1752467724.091718 [0]       ros2: config: Domain/SSL/VerifyClient/#text: true {}
1752467724.091720 [0]       ros2: config: Domain/SSL/SelfSignedCertificates/#text: false {}
1752467724.091722 [0]       ros2: config: Domain/SSL/KeystoreFile/#text: keystore {}
1752467724.091725 [0]       ros2: config: Domain/SSL/KeyPassphrase/#text: secret {}
1752467724.091727 [0]       ros2: config: Domain/SSL/Ciphers/#text: ALL:!ADH:!LOW:!EXP:!MD5:@STRENGTH {}
1752467724.091729 [0]       ros2: config: Domain/SSL/EntropyFile/#text:  {}
1752467724.091731 [0]       ros2: config: Domain/SSL/MinimumTLSVersion/#text: 1.3 {}
1752467724.091733 [0]       ros2: config: Domain/SharedMemory/Enable/#text: false {}
1752467724.091735 [0]       ros2: config: Domain/SharedMemory/Locator/#text:  {}
1752467724.091737 [0]       ros2: config: Domain/SharedMemory/Prefix/#text: DDS_CYCLONE {}
1752467724.091739 [0]       ros2: config: Domain/SharedMemory/LogLevel/#text: info {}
1752467724.091741 [0]       ros2: config: Domain[@Id]: 0 {1}
1752467724.091759 [0]       ros2: started at 1752467724.0691746 -- 2025-07-14 04:35:24+00:00
1752467724.091761 [0]       ros2: udp initialized
1752467724.092014 [0]       ros2: interfaces: lo udp/127.0.0.1(q1) eno1 udp/192.168.1.50(q9) enxaca00029d6c0 udp/192.168.100.100(q9) enx207bd2bc2bad udp/192.168.2.11(q9) wlp2s0 wireless udp/192.168.1.119(q9) br-28bf91608712 udp/172.18.0.1(q9) docker0 udp/172.17.0.1(q9)
1752467724.092019 [0]       ros2: selected interfaces: docker0 (index 7 priority 0)
1752467724.092021 [0]       ros2: presumed robust multicast support, use for everything
1752467724.092033 [0]       ros2: ownip: udp/172.17.0.1
1752467724.092034 [0]       ros2: extmask: invalid/0 (not applicable)
1752467724.092036 [0]       ros2: SPDP MC: udp/239.255.0.1
1752467724.092038 [0]       ros2: default MC: udp/239.255.0.1
1752467724.092040 [0]       ros2: SSM support included
1752467724.092132 [0]       ros2: rtps_init: uc ports: disc 0 data 0
1752467724.092136 [0]       ros2: rtps_init: domainid 0 participantid -2
1752467724.092137 [0]       ros2: Unicast Ports: discovery 48440 data 48440
1752467724.092158 [0]       ros2: Multicast Ports: discovery 7400 data 7401 
1752467724.092165 [0]       ros2: interface docker0: transmit port 36419
